TYPE SIGNATURES
  addAndOr1 :: (Int, Bool) -> (Bool, Int) -> (Int, Bool)
TYPE CONSTRUCTORS
COERCION AXIOMS
Dependent modules: []
Dependent packages: [base, ghc-prim, integer-gmp]
