TYPE SIGNATURES
  bravo :: forall tw_. Num tw_ => tw_
TYPE CONSTRUCTORS
COERCION AXIOMS
Dependent modules: []
Dependent packages: [base, ghc-prim, integer-gmp]
