TYPE SIGNATURES
  barry ::
    forall w_a. w_a -> (Either [Char] w_a, Either [Char] w_a)
TYPE CONSTRUCTORS
COERCION AXIOMS
Dependent modules: []
Dependent packages: [base, ghc-prim, integer-gmp]
