TYPE SIGNATURES
  foo :: forall a. a ~ Bool => (a, Bool)
TYPE CONSTRUCTORS
COERCION AXIOMS
Dependent modules: []
Dependent packages: [base, ghc-prim, integer-gmp]
