TYPE SIGNATURES
  every :: forall t. (t -> Bool) -> [t] -> Bool
TYPE CONSTRUCTORS
COERCION AXIOMS
Dependent modules: []
Dependent packages: [base, ghc-prim, integer-gmp]
