TYPE SIGNATURES
  every :: forall w_a. (w_a -> Bool) -> [w_a] -> Bool
TYPE CONSTRUCTORS
COERCION AXIOMS
Dependent modules: []
Dependent packages: [base, ghc-prim, integer-gmp]
