TYPE SIGNATURES
  foo :: (forall a. [a] -> [a]) -> ([Bool], [Char])
TYPE CONSTRUCTORS
COERCION AXIOMS
Dependent modules: []
Dependent packages: [base, ghc-prim, integer-gmp]
