TYPE SIGNATURES
  foo :: forall b a. (a, b) -> (a, b)
TYPE CONSTRUCTORS
COERCION AXIOMS
Dependent modules: []
Dependent packages: [base, ghc-prim, integer-gmp]
