TYPE SIGNATURES
  showTwo :: forall tw_a. Show tw_a => tw_a -> String
TYPE CONSTRUCTORS
COERCION AXIOMS
Dependent modules: []
Dependent packages: [base, ghc-prim, integer-gmp]
