TYPE SIGNATURES
  unc ::
    forall w_a w_b w_c.
    (w_a -> w_b -> w_c) -> (w_a, w_b) -> w_c
TYPE CONSTRUCTORS
COERCION AXIOMS
Dependent modules: []
Dependent packages: [base, ghc-prim, integer-gmp]
