
Forall1Bad.hs:9:13:
    Couldn't match expected type ‘Char’ with actual type ‘Bool’
    In the first argument of ‘fall’, namely ‘True’
    In the expression: fall True
