
InstantiatedNamedWildcardsInConstraints.hs:4:14:
    Found hole ‘_a’ with type: b
    Where: ‘b’ is a rigid type variable bound by
               the inferred type of foo :: (Enum b, Show b) => b -> (String, b)
               at InstantiatedNamedWildcardsInConstraints.hs:4:8
    To use the inferred type, enable PartialTypeSignatures
    In the type signature for ‘foo’:
      foo :: (Enum _a, _) => _a -> (String, b)

InstantiatedNamedWildcardsInConstraints.hs:4:18:
    Found hole ‘_’ with inferred constraints: (Show b)
    Where: ‘b’ is a rigid type variable bound by
               the inferred type of foo :: (Enum b, Show b) => b -> (String, b)
               at InstantiatedNamedWildcardsInConstraints.hs:4:8
    To use the inferred type, enable PartialTypeSignatures
    In the type signature for ‘foo’:
      foo :: (Enum _a, _) => _a -> (String, b)

InstantiatedNamedWildcardsInConstraints.hs:4:24:
    Found hole ‘_a’ with type: b
    Where: ‘b’ is a rigid type variable bound by
               the inferred type of foo :: (Enum b, Show b) => b -> (String, b)
               at InstantiatedNamedWildcardsInConstraints.hs:4:8
    To use the inferred type, enable PartialTypeSignatures
    In the type signature for ‘foo’:
      foo :: (Enum _a, _) => _a -> (String, b)
