
NamedWildcardsNotInMonotype.hs:4:21:
    Invalid partial type signature:
    (Show _a, Eq _c, Eq _b) => _a -> _b -> String
    The named wildcard ‘_c’ is only allowed in the constraints
    when it also occurs in the (mono)type
