
NestedNamedExtraConstraintsWildcard.hs:4:23:
    Invalid partial type signature:
    Bool -> (Eq a, _a) => a
    A named wildcard cannot occur as a constraint
