
NestedExtraConstraintsWildcard.hs:4:23:
    Invalid partial type signature:
    Bool -> (Eq a, _) => a
    An extra-constraints wildcard is only allowed
    at the top-level of the signature
