
PartialTypeSignaturesEnabled.hs:4:8:
    Wildcards in type signatures need PartialTypeSignatures turned on
