
PartialClassMethodSignature.hs:6:17:
    The type signature of a class method cannot be partial:
    foo :: (Eq a, _) => a -> _
    In the class declaration for ‘Foo’
