
WildcardInDefault.hs:4:10:
    Wildcard not allowed
    In declaration: default (_)
