
WildcardInForeignExport.hs:6:37:
    Wildcard not allowed
    In foreign export declaration ‘foo’
    CInt -> _
