
WildcardInForeignImport.hs:6:48:
    Wildcard not allowed
    In foreign import declaration ‘c_sin’
    CDouble -> _
