
WildcardInDeriving.hs:5:22:
    Wildcard not allowed
    In the deriving items: _
